---
created: "2019-07-20T21:53:39.120629Z"
creator: insta@0.8.2
source: graphql_rs_native/src/language/parser.rs
expression: "document::<nom::error::VerboseError<&str>>(\"type User\").unwrap_or_else(|_|\n                                                                           panic!(\"Test failed\"))"
---
[
  "",
  {
    "kind": "Document",
    "loc": null,
    "definitions": [
      {
        "kind": "TypeSystemDefinition",
        "kind": "TypeDefinition",
        "kind": "ObjectTypeDefinition",
        "kind": "ObjectTypeDefinition",
        "loc": null,
        "description": null,
        "name": {
          "kind": "Name",
          "loc": null,
          "value": "User"
        },
        "interfaces": null,
        "directives": null,
        "fields": null
      }
    ]
  }
]
