---
created: "2019-08-11T13:12:11.347339Z"
creator: insta@0.8.2
source: graphql_rs_native/src/language/parser.rs
expression: "definition::<(&str,\n              ErrorKind)>(&source)(&source.body).unwrap_or_else(|_|\n                                                                    panic!(\"Test failed\"))"
---
[
  "",
  {
    "kind": "TypeSystemDefinition",
    "kind": "SchemaDefinition",
    "kind": "SchemaDefinition",
    "loc": {
      "start": 0,
      "end": 9,
      "source": {
        "name": "GraphQL Request",
        "locationOffset": {
          "line": 1,
          "column": 1
        }
      }
    },
    "directives": null,
    "operationTypes": []
  }
]
