---
created: "2019-08-11T13:12:11.453868Z"
creator: insta@0.8.2
source: graphql_rs_native/src/language/parser.rs
expression: "type_definition::<(&str,\n                   ErrorKind)>(&source)(&source.body).unwrap_or_else(|_|\n                                                                         panic!(\"Test failed\"))"
---
[
  "",
  {
    "kind": "InputObjectTypeDefinition",
    "kind": "InputObjectTypeDefinition",
    "loc": {
      "start": 0,
      "end": 10,
      "source": {
        "name": "GraphQL Request",
        "locationOffset": {
          "line": 1,
          "column": 1
        }
      }
    },
    "description": null,
    "name": {
      "kind": "Name",
      "loc": {
        "start": 6,
        "end": 10,
        "source": {
          "name": "GraphQL Request",
          "locationOffset": {
            "line": 1,
            "column": 1
          }
        }
      },
      "value": "User"
    },
    "directives": null,
    "fields": null
  }
]
