---
created: "2019-08-11T13:12:11.414946Z"
creator: insta@0.8.2
source: graphql_rs_native/src/language/parser.rs
expression: "schema_definition::<(&str,\n                     ErrorKind)>(&source)(&source.body).unwrap_or_else(|_|\n                                                                           panic!(\"Test failed\"))"
---
[
  "",
  {
    "kind": "SchemaDefinition",
    "loc": {
      "start": 0,
      "end": 14,
      "source": {
        "name": "GraphQL Request",
        "locationOffset": {
          "line": 1,
          "column": 1
        }
      }
    },
    "directives": [
      {
        "kind": "Directive",
        "loc": {
          "start": 6,
          "end": 11,
          "source": {
            "name": "GraphQL Request",
            "locationOffset": {
              "line": 1,
              "column": 1
            }
          }
        },
        "name": {
          "kind": "Name",
          "loc": {
            "start": 8,
            "end": 11,
            "source": {
              "name": "GraphQL Request",
              "locationOffset": {
                "line": 1,
                "column": 1
              }
            }
          },
          "value": "abc"
        },
        "arguments": null
      }
    ],
    "operationTypes": []
  }
]
