---
source: graphql_rs_native/src/language/parser.rs
expression: "string_value::<(&str,\n                ErrorKind)>(&source)(&source.body).unwrap_or_else(|_|\n                                                                      panic!(\"Test failed\"))"
---
[
  " ",
  {
    "kind": "StringValue",
    "loc": {
      "start": 0,
      "end": 18
    },
    "value": "My test text",
    "block": true
  }
]
